19:15:42 INFO    Running E4 in live mode (seed=20260801).
19:15:42 INFO    ======================================================================
19:15:42 INFO    E4 -- Corpus quality as an upstream determinant [live]
19:15:42 INFO    ======================================================================
19:15:42 INFO    exp04_corpus_quality: 0/200 examples already recorded; 200 remaining.
19:15:42 INFO    Loading registry from 'artifacts/chunk_registry.json'.
19:15:42 INFO    Successfully loaded 893 record(s) across 398 document(s).
19:15:43 INFO    Initializing ChromaDB at ./db/chroma with collection 'rag_benchmark_collection'
19:15:47 INFO    ChromaDB collection initialized successfully.
19:15:47 INFO    CUDA available: NVIDIA GeForce RTX 4060 Laptop GPU (8.6 GB) — loading models on GPU.
19:15:47 INFO    Loading shared embedding model BAAI/bge-base-en-v1.5 on cuda.
19:16:16 INFO    exp04_corpus_quality: example 1/200 (live/1/contam0.00)
19:16:20 INFO    exp04_corpus_quality: example 2/200 (live/1/contam0.10)
19:16:21 INFO    exp04_corpus_quality: example 3/200 (live/1/contam0.20)
19:16:22 INFO    exp04_corpus_quality: example 4/200 (live/1/contam0.30)
19:16:23 INFO    exp04_corpus_quality: example 5/200 (live/1/contam0.50)
19:16:24 INFO    exp04_corpus_quality: example 6/200 (live/2/contam0.00)
19:16:24 INFO    exp04_corpus_quality: example 7/200 (live/2/contam0.10)
19:16:25 INFO    exp04_corpus_quality: example 8/200 (live/2/contam0.20)
19:16:26 INFO    exp04_corpus_quality: example 9/200 (live/2/contam0.30)
19:16:27 INFO    exp04_corpus_quality: example 10/200 (live/2/contam0.50)
19:16:28 INFO    exp04_corpus_quality: example 11/200 (live/3/contam0.00)
19:16:29 INFO    exp04_corpus_quality: example 12/200 (live/3/contam0.10)
19:16:30 INFO    exp04_corpus_quality: example 13/200 (live/3/contam0.20)
19:16:31 INFO    exp04_corpus_quality: example 14/200 (live/3/contam0.30)
19:16:32 INFO    exp04_corpus_quality: example 15/200 (live/3/contam0.50)
19:16:33 INFO    exp04_corpus_quality: example 16/200 (live/4/contam0.00)
19:16:33 INFO    exp04_corpus_quality: example 17/200 (live/4/contam0.10)
19:16:34 INFO    exp04_corpus_quality: example 18/200 (live/4/contam0.20)
19:16:35 INFO    exp04_corpus_quality: example 19/200 (live/4/contam0.30)
19:16:36 INFO    exp04_corpus_quality: example 20/200 (live/4/contam0.50)
19:16:37 INFO    exp04_corpus_quality: example 21/200 (live/5/contam0.00)
19:16:38 INFO    exp04_corpus_quality: example 22/200 (live/5/contam0.10)
19:16:38 INFO    exp04_corpus_quality: example 23/200 (live/5/contam0.20)
19:16:39 INFO    exp04_corpus_quality: example 24/200 (live/5/contam0.30)
19:16:40 INFO    exp04_corpus_quality: example 25/200 (live/5/contam0.50)
19:16:41 INFO    exp04_corpus_quality: example 26/200 (live/6/contam0.00)
19:16:42 INFO    exp04_corpus_quality: example 27/200 (live/6/contam0.10)
19:16:42 INFO    exp04_corpus_quality: example 28/200 (live/6/contam0.20)
19:16:43 INFO    exp04_corpus_quality: example 29/200 (live/6/contam0.30)
19:16:44 INFO    exp04_corpus_quality: example 30/200 (live/6/contam0.50)
19:16:45 INFO    exp04_corpus_quality: example 31/200 (live/7/contam0.00)
19:16:46 INFO    exp04_corpus_quality: example 32/200 (live/7/contam0.10)
19:16:47 INFO    exp04_corpus_quality: example 33/200 (live/7/contam0.20)
19:16:48 INFO    exp04_corpus_quality: example 34/200 (live/7/contam0.30)
19:16:49 INFO    exp04_corpus_quality: example 35/200 (live/7/contam0.50)
19:16:49 INFO    exp04_corpus_quality: example 36/200 (live/8/contam0.00)
19:16:50 INFO    exp04_corpus_quality: example 37/200 (live/8/contam0.10)
19:16:51 INFO    exp04_corpus_quality: example 38/200 (live/8/contam0.20)
19:16:52 INFO    exp04_corpus_quality: example 39/200 (live/8/contam0.30)
19:16:53 INFO    exp04_corpus_quality: example 40/200 (live/8/contam0.50)
19:16:54 INFO    exp04_corpus_quality: example 41/200 (live/9/contam0.00)
19:16:54 INFO    exp04_corpus_quality: example 42/200 (live/9/contam0.10)
19:16:55 INFO    exp04_corpus_quality: example 43/200 (live/9/contam0.20)
19:16:56 INFO    exp04_corpus_quality: example 44/200 (live/9/contam0.30)
19:16:57 INFO    exp04_corpus_quality: example 45/200 (live/9/contam0.50)
19:16:58 INFO    exp04_corpus_quality: example 46/200 (live/10/contam0.00)
19:16:59 INFO    exp04_corpus_quality: example 47/200 (live/10/contam0.10)
19:16:59 INFO    exp04_corpus_quality: example 48/200 (live/10/contam0.20)
19:17:00 INFO    exp04_corpus_quality: example 49/200 (live/10/contam0.30)
19:17:01 INFO    exp04_corpus_quality: example 50/200 (live/10/contam0.50)
19:17:02 INFO    exp04_corpus_quality: example 51/200 (live/11/contam0.00)
19:17:03 INFO    exp04_corpus_quality: example 52/200 (live/11/contam0.10)
19:17:04 INFO    exp04_corpus_quality: example 53/200 (live/11/contam0.20)
19:17:05 INFO    exp04_corpus_quality: example 54/200 (live/11/contam0.30)
19:17:06 INFO    exp04_corpus_quality: example 55/200 (live/11/contam0.50)
19:17:07 INFO    exp04_corpus_quality: example 56/200 (live/12/contam0.00)
19:17:07 INFO    exp04_corpus_quality: example 57/200 (live/12/contam0.10)
19:17:08 INFO    exp04_corpus_quality: example 58/200 (live/12/contam0.20)
19:17:09 INFO    exp04_corpus_quality: example 59/200 (live/12/contam0.30)
19:17:10 INFO    exp04_corpus_quality: example 60/200 (live/12/contam0.50)
19:17:11 INFO    exp04_corpus_quality: example 61/200 (live/13/contam0.00)
19:17:12 INFO    exp04_corpus_quality: example 62/200 (live/13/contam0.10)
19:17:13 INFO    exp04_corpus_quality: example 63/200 (live/13/contam0.20)
19:17:14 INFO    exp04_corpus_quality: example 64/200 (live/13/contam0.30)
19:17:14 INFO    exp04_corpus_quality: example 65/200 (live/13/contam0.50)
19:17:15 INFO    exp04_corpus_quality: example 66/200 (live/14/contam0.00)
19:17:16 INFO    exp04_corpus_quality: example 67/200 (live/14/contam0.10)
19:17:17 INFO    exp04_corpus_quality: example 68/200 (live/14/contam0.20)
19:17:18 INFO    exp04_corpus_quality: example 69/200 (live/14/contam0.30)
19:17:19 INFO    exp04_corpus_quality: example 70/200 (live/14/contam0.50)
19:17:20 INFO    exp04_corpus_quality: example 71/200 (live/15/contam0.00)
19:17:21 INFO    exp04_corpus_quality: example 72/200 (live/15/contam0.10)
19:17:21 INFO    exp04_corpus_quality: example 73/200 (live/15/contam0.20)
19:17:22 INFO    exp04_corpus_quality: example 74/200 (live/15/contam0.30)
19:17:23 INFO    exp04_corpus_quality: example 75/200 (live/15/contam0.50)
19:17:24 INFO    exp04_corpus_quality: example 76/200 (live/16/contam0.00)
19:17:25 INFO    exp04_corpus_quality: example 77/200 (live/16/contam0.10)
19:17:26 INFO    exp04_corpus_quality: example 78/200 (live/16/contam0.20)
19:17:27 INFO    exp04_corpus_quality: example 79/200 (live/16/contam0.30)
19:17:36 INFO    exp04_corpus_quality: example 80/200 (live/16/contam0.50)
19:17:38 INFO    exp04_corpus_quality: example 81/200 (live/17/contam0.00)
19:17:38 INFO    exp04_corpus_quality: example 82/200 (live/17/contam0.10)
19:17:39 INFO    exp04_corpus_quality: example 83/200 (live/17/contam0.20)
19:17:39 INFO    exp04_corpus_quality: example 84/200 (live/17/contam0.30)
19:17:40 INFO    exp04_corpus_quality: example 85/200 (live/17/contam0.50)
19:17:41 INFO    exp04_corpus_quality: example 86/200 (live/18/contam0.00)
19:17:41 INFO    exp04_corpus_quality: example 87/200 (live/18/contam0.10)
19:17:42 INFO    exp04_corpus_quality: example 88/200 (live/18/contam0.20)
19:17:42 INFO    exp04_corpus_quality: example 89/200 (live/18/contam0.30)
19:17:43 INFO    exp04_corpus_quality: example 90/200 (live/18/contam0.50)
19:17:43 INFO    exp04_corpus_quality: example 91/200 (live/19/contam0.00)
19:17:44 INFO    exp04_corpus_quality: example 92/200 (live/19/contam0.10)
19:17:45 INFO    exp04_corpus_quality: example 93/200 (live/19/contam0.20)
19:17:45 INFO    exp04_corpus_quality: example 94/200 (live/19/contam0.30)
19:17:46 INFO    exp04_corpus_quality: example 95/200 (live/19/contam0.50)
19:17:46 INFO    exp04_corpus_quality: example 96/200 (live/20/contam0.00)
19:17:47 INFO    exp04_corpus_quality: example 97/200 (live/20/contam0.10)
19:17:47 INFO    exp04_corpus_quality: example 98/200 (live/20/contam0.20)
19:17:48 INFO    exp04_corpus_quality: example 99/200 (live/20/contam0.30)
19:17:48 INFO    exp04_corpus_quality: example 100/200 (live/20/contam0.50)
19:17:49 INFO    exp04_corpus_quality: example 101/200 (live/21/contam0.00)
19:17:49 INFO    exp04_corpus_quality: example 102/200 (live/21/contam0.10)
19:17:50 INFO    exp04_corpus_quality: example 103/200 (live/21/contam0.20)
19:17:51 INFO    exp04_corpus_quality: example 104/200 (live/21/contam0.30)
19:17:51 INFO    exp04_corpus_quality: example 105/200 (live/21/contam0.50)
19:17:52 INFO    exp04_corpus_quality: example 106/200 (live/22/contam0.00)
19:17:52 INFO    exp04_corpus_quality: example 107/200 (live/22/contam0.10)
19:17:53 INFO    exp04_corpus_quality: example 108/200 (live/22/contam0.20)
19:17:53 INFO    exp04_corpus_quality: example 109/200 (live/22/contam0.30)
19:17:54 INFO    exp04_corpus_quality: example 110/200 (live/22/contam0.50)
19:17:55 INFO    exp04_corpus_quality: example 111/200 (live/23/contam0.00)
19:17:55 INFO    exp04_corpus_quality: example 112/200 (live/23/contam0.10)
19:17:56 INFO    exp04_corpus_quality: example 113/200 (live/23/contam0.20)
19:17:56 INFO    exp04_corpus_quality: example 114/200 (live/23/contam0.30)
19:17:57 INFO    exp04_corpus_quality: example 115/200 (live/23/contam0.50)
19:17:57 INFO    exp04_corpus_quality: example 116/200 (live/24/contam0.00)
19:17:58 INFO    exp04_corpus_quality: example 117/200 (live/24/contam0.10)
19:17:58 INFO    exp04_corpus_quality: example 118/200 (live/24/contam0.20)
19:17:59 INFO    exp04_corpus_quality: example 119/200 (live/24/contam0.30)
19:17:59 INFO    exp04_corpus_quality: example 120/200 (live/24/contam0.50)
19:18:00 INFO    exp04_corpus_quality: example 121/200 (live/25/contam0.00)
19:18:01 INFO    exp04_corpus_quality: example 122/200 (live/25/contam0.10)
19:18:01 INFO    exp04_corpus_quality: example 123/200 (live/25/contam0.20)
19:18:02 INFO    exp04_corpus_quality: example 124/200 (live/25/contam0.30)
19:18:02 INFO    exp04_corpus_quality: example 125/200 (live/25/contam0.50)
19:18:03 INFO    exp04_corpus_quality: example 126/200 (live/26/contam0.00)
19:18:03 INFO    exp04_corpus_quality: example 127/200 (live/26/contam0.10)
19:18:04 INFO    exp04_corpus_quality: example 128/200 (live/26/contam0.20)
19:18:04 INFO    exp04_corpus_quality: example 129/200 (live/26/contam0.30)
19:18:05 INFO    exp04_corpus_quality: example 130/200 (live/26/contam0.50)
19:18:05 INFO    exp04_corpus_quality: example 131/200 (live/27/contam0.00)
19:18:06 INFO    exp04_corpus_quality: example 132/200 (live/27/contam0.10)
19:18:07 INFO    exp04_corpus_quality: example 133/200 (live/27/contam0.20)
19:18:07 INFO    exp04_corpus_quality: example 134/200 (live/27/contam0.30)
19:18:08 INFO    exp04_corpus_quality: example 135/200 (live/27/contam0.50)
19:18:08 INFO    exp04_corpus_quality: example 136/200 (live/28/contam0.00)
19:18:09 INFO    exp04_corpus_quality: example 137/200 (live/28/contam0.10)
19:18:09 INFO    exp04_corpus_quality: example 138/200 (live/28/contam0.20)
19:18:10 INFO    exp04_corpus_quality: example 139/200 (live/28/contam0.30)
19:18:10 INFO    exp04_corpus_quality: example 140/200 (live/28/contam0.50)
19:18:11 INFO    exp04_corpus_quality: example 141/200 (live/29/contam0.00)
19:18:11 INFO    exp04_corpus_quality: example 142/200 (live/29/contam0.10)
19:18:12 INFO    exp04_corpus_quality: example 143/200 (live/29/contam0.20)
19:18:12 INFO    exp04_corpus_quality: example 144/200 (live/29/contam0.30)
19:18:13 INFO    exp04_corpus_quality: example 145/200 (live/29/contam0.50)
19:18:14 INFO    exp04_corpus_quality: example 146/200 (live/30/contam0.00)
19:18:14 INFO    exp04_corpus_quality: example 147/200 (live/30/contam0.10)
19:18:15 INFO    exp04_corpus_quality: example 148/200 (live/30/contam0.20)
19:18:15 INFO    exp04_corpus_quality: example 149/200 (live/30/contam0.30)
19:18:16 INFO    exp04_corpus_quality: example 150/200 (live/30/contam0.50)
19:18:16 INFO    exp04_corpus_quality: example 151/200 (live/31/contam0.00)
19:18:17 INFO    exp04_corpus_quality: example 152/200 (live/31/contam0.10)
19:18:17 INFO    exp04_corpus_quality: example 153/200 (live/31/contam0.20)
19:18:18 INFO    exp04_corpus_quality: example 154/200 (live/31/contam0.30)
19:18:18 INFO    exp04_corpus_quality: example 155/200 (live/31/contam0.50)
19:18:19 INFO    exp04_corpus_quality: example 156/200 (live/32/contam0.00)
19:18:19 INFO    exp04_corpus_quality: example 157/200 (live/32/contam0.10)
19:18:20 INFO    exp04_corpus_quality: example 158/200 (live/32/contam0.20)
19:18:20 INFO    exp04_corpus_quality: example 159/200 (live/32/contam0.30)
19:18:21 INFO    exp04_corpus_quality: example 160/200 (live/32/contam0.50)
19:18:21 INFO    exp04_corpus_quality: example 161/200 (live/33/contam0.00)
19:18:22 INFO    exp04_corpus_quality: example 162/200 (live/33/contam0.10)
19:18:22 INFO    exp04_corpus_quality: example 163/200 (live/33/contam0.20)
19:18:23 INFO    exp04_corpus_quality: example 164/200 (live/33/contam0.30)
19:18:23 INFO    exp04_corpus_quality: example 165/200 (live/33/contam0.50)
19:18:24 INFO    exp04_corpus_quality: example 166/200 (live/34/contam0.00)
19:18:24 INFO    exp04_corpus_quality: example 167/200 (live/34/contam0.10)
19:18:25 INFO    exp04_corpus_quality: example 168/200 (live/34/contam0.20)
19:18:26 INFO    exp04_corpus_quality: example 169/200 (live/34/contam0.30)
19:18:26 INFO    exp04_corpus_quality: example 170/200 (live/34/contam0.50)
19:18:27 INFO    exp04_corpus_quality: example 171/200 (live/35/contam0.00)
19:18:27 INFO    exp04_corpus_quality: example 172/200 (live/35/contam0.10)
19:18:28 INFO    exp04_corpus_quality: example 173/200 (live/35/contam0.20)
19:18:28 INFO    exp04_corpus_quality: example 174/200 (live/35/contam0.30)
19:18:29 INFO    exp04_corpus_quality: example 175/200 (live/35/contam0.50)
19:18:29 INFO    exp04_corpus_quality: example 176/200 (live/36/contam0.00)
19:18:30 INFO    exp04_corpus_quality: example 177/200 (live/36/contam0.10)
19:18:30 INFO    exp04_corpus_quality: example 178/200 (live/36/contam0.20)
19:18:31 INFO    exp04_corpus_quality: example 179/200 (live/36/contam0.30)
19:18:31 INFO    exp04_corpus_quality: example 180/200 (live/36/contam0.50)
19:18:32 INFO    exp04_corpus_quality: example 181/200 (live/37/contam0.00)
19:18:32 INFO    exp04_corpus_quality: example 182/200 (live/37/contam0.10)
19:18:32 INFO    exp04_corpus_quality: example 183/200 (live/37/contam0.20)
19:18:33 INFO    exp04_corpus_quality: example 184/200 (live/37/contam0.30)
19:18:33 INFO    exp04_corpus_quality: example 185/200 (live/37/contam0.50)
19:18:34 INFO    exp04_corpus_quality: example 186/200 (live/38/contam0.00)
19:18:35 INFO    exp04_corpus_quality: example 187/200 (live/38/contam0.10)
19:18:36 INFO    exp04_corpus_quality: example 188/200 (live/38/contam0.20)
19:18:37 INFO    exp04_corpus_quality: example 189/200 (live/38/contam0.30)
19:18:38 INFO    exp04_corpus_quality: example 190/200 (live/38/contam0.50)
19:18:39 INFO    exp04_corpus_quality: example 191/200 (live/39/contam0.00)
19:18:39 INFO    exp04_corpus_quality: example 192/200 (live/39/contam0.10)
19:18:40 INFO    exp04_corpus_quality: example 193/200 (live/39/contam0.20)
19:18:40 INFO    exp04_corpus_quality: example 194/200 (live/39/contam0.30)
19:18:40 INFO    exp04_corpus_quality: example 195/200 (live/39/contam0.50)
19:18:41 INFO    exp04_corpus_quality: example 196/200 (live/40/contam0.00)
19:18:41 INFO    exp04_corpus_quality: example 197/200 (live/40/contam0.10)
19:18:42 INFO    exp04_corpus_quality: example 198/200 (live/40/contam0.20)
19:18:42 INFO    exp04_corpus_quality: example 199/200 (live/40/contam0.30)
19:18:42 INFO    exp04_corpus_quality: example 200/200 (live/40/contam0.50)
19:18:43 INFO    E4 complete in 180.9s -- 200 examples. Summary: artifacts\experiments\exp04_corpus_quality\summary.json
19:18:43 INFO    Suite report written to artifacts\experiments\SUITE_REPORT.md

Experiment suite status  (artifacts\experiments)

#   status       records    mode      key
------------------------------------------------------------------------
1   complete     158/158    offline   exp01_fault_injection
2   complete     80/80      live      exp02_reranker_window
3   complete     71/71      offline   exp03_refusal_calibration
4   complete     200/200    live      exp04_corpus_quality
5   complete     66/66      offline   exp05_diagnostic_agreement
6   complete     638/638    offline   exp06_strategy_ablation
7   complete     56/56      offline   exp07_generation_ablation

